[www.ytunblocker.net/index.html]
[www.ytunblocker.net/gdpr/gdprscript2df9.js]
[backblue.gif]
[fade.gif]
[index.html]
[cdn2.editmysite.com/css/sitese747.css]
[cdn2.editmysite.com/css/old/fancybox3c0c.css]
[cdn2.editmysite.com/css/social-iconse683.css]
[www.ytunblocker.net/files/main_style3ddd.css]
[ajax.googleapis.com/ajax/libs/jquery/1.8.3/jquery.min.js]
[cdn2.editmysite.com/js/lang/en/stl2ead.js]
[cdn2.editmysite.com/js/site/maine747.js]
[www.google.com/recaptcha/api.js]
[www.ytunblocker.net/search.html]
[www.ytunblocker.net/imgur-unblocker.html]
[www.ytunblocker.net/feedback.html]
[www.ytunblocker.net/updateschangelog.html]
[www.ytunblocker.net/privacy-policy--terms-of-service.html]
[www.paypalobjects.com/en_US/i/btn/btn_donateCC_LG.gif]
[cdn2.editmysite.com/images/site/footer/footer-toast-published-image-1.png]
[cdn2.editmysite.com/js/site/footerSignup056b.js]
[www.ytunblocker.net/files/theme/plugins636e.js]
[www.ytunblocker.net/files/theme/custom636e.js]
[cdn2.editmysite.com/js/site/main-customer-accounts-sitee747.js]
[cdn2.editmysite.com/js/wsnbn/snowday262.js]
[www.ytunblocker.net/index.html]
[cdn2.editmysite.com/images/util/videojs/white-bar.png]
[cdn2.editmysite.com/images/util/videojs/@2x/white-bar.png]
[cdn2.editmysite.com/images/util/videojs/gradient.png]
[cdn2.editmysite.com/images/util/videojs/@2x/gradient.png]
[cdn2.editmysite.com/sprites/util/videojs-sacae758aa2.png]
[cdn2.editmysite.com/sprites/util/videojs/@2x-s2aff7e7d9a.png]
[cdn2.editmysite.com/images/util/videojs/volume-filled.png]
[cdn2.editmysite.com/images/util/videojs/@2x/volume-filled.png]
[cdn2.editmysite.com/images/util/videojs/volume-mute.png]
[cdn2.editmysite.com/images/util/videojs/@2x/volume-mute.png]
[cdn2.editmysite.com/images/util/videojs/blue-bar.png]
[cdn2.editmysite.com/images/util/videojs/@2x/blue-bar.png]
[cdn2.editmysite.com/images/util/videojs/maximize-icon.png]
[cdn2.editmysite.com/images/util/videojs/@2x/maximize-icon.png]
[cdn2.editmysite.com/images/util/videojs/minimize-icon.png]
[cdn2.editmysite.com/images/util/videojs/@2x/minimize-icon.png]
[cdn2.editmysite.com/images/util/videojs/play-icon.png]
[cdn2.editmysite.com/images/util/videojs/@2x/play-icon.png]
[cdn2.editmysite.com/images/util/videojs/sad-face.png]
[cdn2.editmysite.com/images/util/videojs/@2x/sad-face.png]
[cdn2.editmysite.com/images/util/videojs/loading-icon.png]
[cdn2.editmysite.com/images/util/videojs/@2x/loading-icon.png]
[cdn2.editmysite.com/images/common/buttons/small_grey.png]
[cdn2.editmysite.com/images/common/buttons/small_blue.png]
[cdn2.editmysite.com/images/old/button/large_grey.png]
[cdn2.editmysite.com/images/common/buttons/large_blue.png]
[cdn2.editmysite.com/images/common/search-light.png]
[cdn2.editmysite.com/images/common/social_icons.png]
[cdn2.editmysite.com/images/common/blog/blog-comment-button.png]
[cdn2.editmysite.com/images/common/blog/blog-comment-header.png]
[cdn2.editmysite.com/images/common/blog/blog-comment-pointer.png]
[cdn2.editmysite.com/images/common/blog/blog-comment-link.png]
[cdn2.editmysite.com/images/common/blog/blog-comment-header-author.png]
[cdn2.editmysite.com/images/common/blog/blog-comment-pointer-author.png]
[cdn2.editmysite.com/images/common/blog/blog-comment-field-bg.png]
[cdn2.editmysite.com/images/common/blog/dark-blog-comment-header.png]
[cdn2.editmysite.com/images/common/blog/dark-blog-comment-pointer.png]
[cdn2.editmysite.com/images/common/blog/dark-blog-comment-header-author.png]
[cdn2.editmysite.com/images/common/blog/dark-blog-comment-pointer-author.png]
[cdn2.editmysite.com/images/common/blog/dark-blog-comment-link.png]
[cdn2.editmysite.com/images/util/general/blank.gif]
[cdn2.editmysite.com/images/common/lightbox/prevlabel.gif]
[cdn2.editmysite.com/images/common/lightbox/nextlabel.gif]
[cdn2.editmysite.com/sprites/util/inputs/checkmarkBox-s7868418152.png]
[cdn2.editmysite.com/sprites/util/inputs/checkmarkBox/@2x-s211a47d318.png]
[cdn2.editmysite.com/images/util/inputs/search-input-bg.jpg]
[cdn2.editmysite.com/images/common/magnifying-glass.png]
[cdn2.editmysite.com/images/common/checkmarks/checkmark-mini.png]
[cdn2.editmysite.com/images/common/checkmarks/@2x/checkmark-mini.png]
[cdn2.editmysite.com/images/common/search-pagination-bg.png]
[cdn2.editmysite.com/images/util/general/top-triangle-000.png]
[cdn2.editmysite.com/images/util/general/bottom-triangle-000.png]
[cdn2.editmysite.com/images/util/general/top-triangle-000@2x.png]
[cdn2.editmysite.com/images/util/general/bottom-triangle-000@2x.png]
[cdn2.editmysite.com/sprites/common/social-icons-s5ea5500bdb.png]
[cdn2.editmysite.com/sprites/common/social-icons/@2x-s0ae7d70c70.png]
[cdn2.editmysite.com/sprites/site/mini-cart-s86c48effae.png]
[cdn2.editmysite.com/sprites/site/mini-cart/@2x-s576cbc3f90.png]
[cdn2.editmysite.com/images/loading.gif]
[cdn2.editmysite.com/sprites/site/mobile/commerce-sdf6d4e852c.png]
[cdn2.editmysite.com/sprites/site/mobile/commerce/@2x-s82f968c453.png]
[cdn2.editmysite.com/images/site/checkout/paypal.png]
[cdn2.editmysite.com/images/site/checkout/@2x/paypal.png]
[cdn2.editmysite.com/images/site/checkout/credit-cards.png]
[cdn2.editmysite.com/images/site/checkout/@2x/credit-cards.png]
[cdn2.editmysite.com/images/site/checkout/print.png]
[cdn2.editmysite.com/images/site/checkout/print@2x.png]
[cdn2.editmysite.com/images/vendor/select2/select2.png]
[cdn2.editmysite.com/images/vendor/select2/select2-spinner.gif]
[cdn2.editmysite.com/images/vendor/select2/select2x2.png]
[cdn2.editmysite.com/images/util/spinner/spinner-dark.png]
[cdn2.editmysite.com/images/util/spinner/spinner-light.png]
[cdn2.editmysite.com/images/util/loading-white-w24.gif]
[cdn2.editmysite.com/images/common/form_input_bg.gif]
[cdn2.editmysite.com/sprites/site/forms-s3786257308.png]
[cdn2.editmysite.com/sprites/site/forms/@2x-s47607b315a.png]
[cdn2.editmysite.com/images/blank.gif]
[cdn2.editmysite.com/images/old/photoswipe/loader.gif]
[cdn2.editmysite.com/images/old/photoswipe/error.gif]
[cdn2.editmysite.com/images/old/photoswipe/icons.png]
[cdn2.editmysite.com/css/sitese747.css]
[cdn2.editmysite.com/images/old/photoswipe/icons@2x.png]
[cdn2.editmysite.com/images/old/fancybox/fancybox_sprite.png]
[cdn2.editmysite.com/images/old/fancybox/fancybox_loading.gif]
[cdn2.editmysite.com/images/old/fancybox/blank.gif]
[cdn2.editmysite.com/css/old/fancybox3c0c.css]
[cdn2.editmysite.com/images/old/fancybox/fancybox_overlay.png]
[cdn2.editmysite.com/css/social-iconse683.css]
[www.ytunblocker.net/files/theme/fonts/17c55b27-e9ab-43cd-b948-d49f97480d68d41d.eot]
[www.ytunblocker.net/files/theme/fonts/2e3f5cb9-101f-46cf-a7b3-dfaa58261e033ddd.woff2]
[www.ytunblocker.net/files/theme/fonts/fa19948e-5e38-4909-b31e-41acd170d6f23ddd.woff]
[www.ytunblocker.net/files/theme/fonts/6de0ce4d-9278-467b-b96f-c1f5f0a4c3753ddd.ttf]
[www.ytunblocker.net/files/theme/fonts/9fd4ea0c-b19a-4b21-9fdf-37045707dd78.svg]
[www.ytunblocker.net/files/theme/fonts/8b498c39-fabe-4789-bb81-5e37c9ecddd3d41d.eot]
[www.ytunblocker.net/files/theme/fonts/1c6c1881-23c9-4d6a-a018-759d1c9ded153ddd.woff2]
[www.ytunblocker.net/files/theme/fonts/f0d655c5-a88a-49ad-bb29-f3b5cca417313ddd.woff]
[www.ytunblocker.net/files/theme/fonts/3a561c83-40d4-4868-8255-e8455eb009c43ddd.ttf]
[www.ytunblocker.net/files/theme/fonts/3966f856-9dcf-48e7-88e7-7400f1b7d619.svg]
[www.ytunblocker.net/files/theme/fonts/e9167238-3b3f-4813-a04a-a384394eed42d41d.eot]
[www.ytunblocker.net/files/theme/fonts/2cd55546-ec00-4af9-aeca-4a3cd186da533ddd.woff2]
[www.ytunblocker.net/files/theme/fonts/1e9892c0-6927-4412-9874-1b82801ba47a3ddd.woff]
[www.ytunblocker.net/files/theme/fonts/46cf1067-688d-4aab-b0f7-bd942af6efd83ddd.ttf]
[www.ytunblocker.net/files/theme/fonts/52a192b1-bea5-4b48-879f-107f009b666f.svg]
[www.ytunblocker.net/files/theme/fonts/d1fddef1-d940-4904-8f6c-17e809462301d41d.eot]
[www.ytunblocker.net/files/theme/fonts/7377dbe6-f11a-4a05-b33c-bc8ce1f60f843ddd.woff2]
[www.ytunblocker.net/files/theme/fonts/92b66dbd-4201-4ac2-a605-4d4ffc8705cc3ddd.woff]
[www.ytunblocker.net/files/theme/fonts/18839597-afa8-4f0b-9abb-4a30262d0da83ddd.ttf]
[www.ytunblocker.net/files/theme/fonts/1de7e6f4-9d4d-47e7-ab23-7d5cf10ab585.svg]
[www.ytunblocker.net/files/theme/fonts/1a7c9181-cd24-4943-a9d9-d033189524e0d41d.eot]
[www.ytunblocker.net/files/theme/fonts/627fbb5a-3bae-4cd9-b617-2f923e29d55e3ddd.woff2]
[www.ytunblocker.net/files/theme/fonts/f26faddb-86cc-4477-a253-1e12876843363ddd.woff]
[www.ytunblocker.net/files/theme/fonts/63a74598-733c-4d0c-bd91-b01bffcd6e693ddd.ttf]
[www.ytunblocker.net/files/theme/fonts/a89d6ad1-a04f-4a8f-b140-e55478dbea80.svg]
[www.ytunblocker.net/files/theme/fonts/77a9cdce-ea6a-4f94-95df-e6a54555545ed41d.eot]
[www.ytunblocker.net/files/theme/fonts/3f380a53-50ea-4a62-95c5-d5d8dba03ab83ddd.woff2]
[www.ytunblocker.net/files/theme/fonts/8344e877-560d-44d4-82eb-9822766676f93ddd.woff]
[www.ytunblocker.net/files/theme/fonts/b28b01d9-78c5-46c6-a30d-9a62c8f407c53ddd.ttf]
[www.ytunblocker.net/files/theme/fonts/ed4d3c45-af64-4992-974b-c37cd12a9570.svg]
[www.ytunblocker.net/files/theme/images/default-bg3ddd.jpg]
[www.ytunblocker.net/files/main_style3ddd.css]
[cdn2.editmysite.com/js/lang/en/stl2ead.js]
[cdn2.editmysite.com/js/site/maine747.js]
[cdn2.editmysite.com/images/site/footer/og-image-placeholder-blank.png]
[www.ytunblocker.net/updateschangelog/quota-problem.html]
[www.ytunblocker.net/gdpr/gdprscripte747.js]
[www.ytunblocker.net/search.html]
[www.ytunblocker.net/imgur-unblocker.html]
[www.ytunblocker.net/feedback.html]
[cdn2.editmysite.com/css/sites056b.css]
[cdn2.editmysite.com/js/site/main056b.js]
[cdn2.editmysite.com/js/lang/en/stld698.js]
[www.ytunblocker.net/updateschangelog/added-advertisements-qa.html]
[www.ytunblocker.net/updateschangelog/october-08th-2019.html]
[www.ytunblocker.net/updateschangelog/revamped-the-site.html]
[www.ytunblocker.net/updateschangelog/quota-problem-resolved.html]
[www.ytunblocker.net/updateschangelog/regarding-the-quota.html]
[www.ytunblocker.net/updateschangelog/made-a-youtube-search.html]
[www.ytunblocker.net/updateschangelog/updated-it.html]
[www.ytunblocker.net/updateschangelog/allowed-use-of-unblocking-imgur-through-page.html]
[www.ytunblocker.net/updateschangelog/fixed-the-imgur-unblocker.html]
[www.ytunblocker.net/updateschangelog/previous/2.html]
[www.ytunblocker.net/updateschangelog/archives/11-2019.html]
[www.ytunblocker.net/updateschangelog/archives/10-2019.html]
[www.ytunblocker.net/updateschangelog/archives/02-2019.html]
[www.ytunblocker.net/updateschangelog/archives/10-2018.html]
[www.ytunblocker.net/updateschangelog/archives/04-2018.html]
[www.ytunblocker.net/updateschangelog/archives/10-2017.html]
[www.ytunblocker.net/updateschangelog/archives/05-2017.html]
[www.ytunblocker.net/updateschangelog/archives/08-2016.html]
[www.ytunblocker.net/updateschangelog/archives/05-2016.html]
[www.ytunblocker.net/updateschangelog/archives/04-2016.html]
[www.ytunblocker.net/files/theme/plugins.js]
[www.ytunblocker.net/updateschangelog.html]
[www.ytunblocker.net/privacy-policy--terms-of-service.html]
[www.ytunblocker.net/_/uploads/6/2/6/9/62698283/background-images/2142278323.html]
[www.ytunblocker.net/youtu.be/index.html]
[cdn2.editmysite.com/js/site/footerSignup056b.js]
[www.ytunblocker.net/files/theme/custom.js]
[cdn2.editmysite.com/js/site/main-customer-accounts-site056b.js]
[www.ytunblocker.net/store/checkout/index.html]
[cdn2.editmysite.com/js/site/main-customer-accounts-sitee747.js]
[cdn2.editmysite.com/js/wsnbn/snowday262.js]
[www.ytunblocker.net/files/theme/fonts/9fd4ea0c-b19a-4b21-9fdf-37045707dd78.svg]
[www.ytunblocker.net/files/theme/fonts/3966f856-9dcf-48e7-88e7-7400f1b7d619.svg]
[www.ytunblocker.net/files/theme/fonts/52a192b1-bea5-4b48-879f-107f009b666f.svg]
[www.ytunblocker.net/files/theme/fonts/1de7e6f4-9d4d-47e7-ab23-7d5cf10ab585.svg]
[www.ytunblocker.net/files/theme/fonts/a89d6ad1-a04f-4a8f-b140-e55478dbea80.svg]
[www.ytunblocker.net/files/theme/fonts/ed4d3c45-af64-4992-974b-c37cd12a9570.svg]
[www.ytunblocker.net/files/theme/images/select-dropdown3ddd.svg]
[www.ytunblocker.net/o.html]
[www.ytunblocker.net/mustache.html]
[www.ytunblocker.net/formSubmit.html]
[www.ytunblocker.net/formSubmitAjax.html]
[www.ytunblocker.net/weebly/libraries/videojs/video-js.html]
[www.ytunblocker.net/AppleWebKit/index.html]
[www.ytunblocker.net/Mobile/index.html]
[www.ytunblocker.net/_/uploads/6/2/6/9/62698283/background-images/23698186.html]
[www.ytunblocker.net/updateschangelog/quota-problem.html]
[www.ytunblocker.net/_/cdn2.editmysite.com/images/editor/theme-background/stock/Dawn-Sky.html]
[www.ytunblocker.net/imgur.com/index.html]
[www.ytunblocker.net/_/uploads/6/2/6/9/62698283/background-images/713062267.html]
[cdn2.editmysite.com/css/sites056b.css]
[cdn2.editmysite.com/js/site/main056b.js]
[cdn2.editmysite.com/js/lang/en/stld698.js]
[www.ytunblocker.net/updateschangelog/added-advertisements-qa.html]
[www.ytunblocker.net/updateschangelog/october-08th-2019.html]
[www.ytunblocker.net/updateschangelog/revamped-the-site.html]
[www.ytunblocker.net/updateschangelog/quota-problem-resolved.html]
[www.ytunblocker.net/updateschangelog/regarding-the-quota.html]
[www.ytunblocker.net/updateschangelog/made-a-youtube-search.html]
[www.ytunblocker.net/updateschangelog/updated-it.html]
[www.ytunblocker.net/updateschangelog/allowed-use-of-unblocking-imgur-through-page.html]
[www.ytunblocker.net/updateschangelog/fixed-the-imgur-unblocker.html]
[www.ytunblocker.net/updateschangelog/autoplays-videos.html]
[www.ytunblocker.net/updateschangelog/fixed-an-issue-where-a-longer-url-would-result-in-it-not-working.html]
[www.ytunblocker.net/updateschangelog/added-the-blog.html]
[www.ytunblocker.net/uploads/6/2/6/9/62698283/280570_orig.png]
[www.ytunblocker.net/updateschangelog/previous/2.html]
[www.ytunblocker.net/updateschangelog/archives/11-2019.html]
[www.ytunblocker.net/updateschangelog/archives/10-2019.html]
[www.ytunblocker.net/updateschangelog/archives/02-2019.html]
[www.ytunblocker.net/updateschangelog/archives/10-2018.html]
[www.ytunblocker.net/updateschangelog/archives/04-2018.html]
[www.ytunblocker.net/updateschangelog/archives/10-2017.html]
[www.ytunblocker.net/updateschangelog/archives/05-2017.html]
[www.ytunblocker.net/updateschangelog/archives/08-2016.html]
[www.ytunblocker.net/updateschangelog/archives/05-2016.html]
[www.ytunblocker.net/updateschangelog/archives/04-2016.html]
[cdn2.editmysite.com/js/site/main-customer-accounts-site056b.js]
[cdn2.editmysite.com/js/site/commerce-core056b.js]
[www.ytunblocker.net/store/checkout/index.html]
[www.ytunblocker.net/ecommerce.html]
[www.ytunblocker.net/edge/index.html]
[www.ytunblocker.net/store/account/index.html]
[www.ytunblocker.net/images/customer-accounts/arrow-left.html]
[www.ytunblocker.net/images/customer-accounts/check.html]
[www.ytunblocker.net/images/customer-accounts/close-icon.html]
[www.ytunblocker.net/dist/index.html]
[www.ytunblocker.net/ABCDEFGHIJKLMNOPQRSTUVWXYZabcdefghijklmnopqrstuvwxyz0123456789+/index.html]
[www.ytunblocker.net/payload.html]
[www.ytunblocker.net/POST.html]
[cdn2.editmysite.com/js/site/checkout-app056b.js]
[www.ytunblocker.net/updateschangelog/autoplays-videos.html]
[www.ytunblocker.net/updateschangelog/fixed-an-issue-where-a-longer-url-would-result-in-it-not-working.html]
[www.ytunblocker.net/updateschangelog/added-the-blog.html]
[cdn2.editmysite.com/js/site/commerce-core056b.js]
[cdn2.editmysite.com/js/site/checkout-app056b.js]
[ytunblock.weebly.com/files/theme/unblock.html]
[www.ytunblocker.net/store/checkout/$1/index.html]
[www.ytunblocker.net/store/checkout/$&/index.html]
[www.ytunblocker.net/store/checkout/edge/index.html]
[www.ytunblocker.net/store/checkout/mustache.html]
[www.ytunblocker.net/store/checkout/POST.html]
[www.ytunblocker.net/store/checkout/AppleWebKit/index.html]
[www.ytunblocker.net/store/checkout/Mobile/index.html]
[www.ytunblocker.net/store/checkout/CriOS/index.html]
[www.ytunblocker.net/store/checkout/indexfc50.html]
[www.ytunblocker.net/store/checkout/indexfc50.html]
[www.ytunblocker.net/store/checkout/index5da2.html]
[www.ytunblocker.net/store/checkout/index5da2.html]
